<html>
<body>
<pre>
<h1>µVision Build Log</h1>
<h2>Project:</h2>
C:\Users\dwsch\code\Embedded\Help\EE445L_Lab5\Lab5.uvproj
Project File Date:  02/27/2018

<h2>Output:</h2>
Rebuild target 'Lab5'
assembling startup.s...
compiling Timer0A.c...
compiling PLL.c...
compiling SysTick.c...
compiling Dac.c...
compiling Switch.c...
compiling Main.c...
compiling Music.c...
compiling Timer1.c...
linking...
Program Size: Code=2580 RO-data=708 RW-data=488 ZI-data=1136  
".\Lab5.axf" - 0 Error(s), 0 Warning(s).
Load "C:\\Users\\dwsch\\code\\Embedded\\Help\\EE445L_Lab5\\Lab5.axf" 
Connecting: Mode=JTAG, Speed=1000000Hz
Erase Done.
Programming Done.
Verify OK.
Load "C:\\Users\\dwsch\\code\\Embedded\\Help\\EE445L_Lab5\\Lab5.axf" 
Connecting: Mode=JTAG, Speed=1000000Hz
Erase Done.
Programming Done.
Verify OK.
